// Jest Snapshot v1, https://goo.gl/fbAQLP

exports[`Feed Post renders post data correctly 1`] = `
.c0 {
  display: -webkit-box;
  display: -webkit-flex;
  display: -ms-flexbox;
  display: flex;
  border-radius: 8px;
  background: white;
  box-shadow: 0px 4px 9px 0px rgba(0,0,0,0.1);
  width: 100%;
  padding: 20px;
  -webkit-flex-direction: column;
  -ms-flex-direction: column;
  flex-direction: column;
  -webkit-align-items: flex-start;
  -webkit-box-align: flex-start;
  -ms-flex-align: flex-start;
  align-items: flex-start;
  gap: 20px;
  font-size: 18px;
  line-height: normal;
}

.c1 {
  display: -webkit-box;
  display: -webkit-flex;
  display: -ms-flexbox;
  display: flex;
  gap: 10px;
}

.c1 div {
  display: -webkit-box;
  display: -webkit-flex;
  display: -ms-flexbox;
  display: flex;
  -webkit-flex-direction: column;
  -ms-flex-direction: column;
  flex-direction: column;
}

.c1 a {
  -webkit-text-decoration: none;
  text-decoration: none;
}

.c1 a:hover {
  -webkit-text-decoration: underline;
  text-decoration: underline;
}

.c2 {
  display: -webkit-box;
  display: -webkit-flex;
  display: -ms-flexbox;
  display: flex;
  object-fit: cover;
  height: 48px;
  width: 48px;
  border-radius: 50%;
}

.c4 {
  width: 100%;
}

.c3 {
  color: #7e7e7e;
  font-size: 15px;
  font-style: normal;
  font-weight: 300;
  line-height: normal;
  text-transform: capitalize;
}

<div>
  <div
    class="c0"
  >
    <div
      class="c1"
    >
      <img
        alt="User pic"
        class="c2"
        src="employees/rnieto.png"
        type="post-publisher"
      />
      <div>
        <a
          href="/profile/1"
          id="user-1"
        >
          <span>
            Ramiro Nieto
          </span>
        </a>
        <span
          class="c3"
        >
          July 21, 2020
        </span>
      </div>
    </div>
    <span>
      Quien esta para Lokotas?
    </span>
    <img
      alt="Post pic!"
      class="c4"
      src="https://lokotas.com.uy/wp-content/uploads/2019/04/iso-lokotas.png"
    />
  </div>
</div>
`;
